
> winget-web-interface@1.5.0 test
> vitest

'vitest' is not recognized as an internal or external command,
operable program or batch file.
